# Map HP Unicode values to troff names for Wingding font.
#
# This font is TrueType only, so the MSL values are dummies.
#
# Created 12 January 2004 from data on Alan Wood's website
# (www.alanwood.net).
#
# You need hpftodit from groff 1.19.1 or newer!

0	f020	u0020	# Space
0	f021	u270F	# Pencil
0	f022	u2702	# Black scissors
0	f023	u2701	# Upper blade scissors
0	f028	u260E	# Black telephone
0	f029	u2706	# Telephone location sign
0	f02A	u2709	# Envelope
0	f036	u231B	# Hourglass
0	f037	u2328	# Keyboard
0	f03E	u2707	# Tape drive
0	f03F	u270D	# Writing hand
0	f041	u270C	# Victory hand
0	f045	u261C	# White left pointing index
0	f046	u261E	# White right pointing index
0	f047	u261D	# White up pointing index
0	f048	u261F	# White down pointing index
0	f04A	u263A	# White smiling face
0	f04C	u2639	# White frowning face
0	f04E	u2620	# Skull and crossbones
0	f051	u2708	# Airplane
0	f052	u263C	# White sun with rays
0	f054	u2744	# Snowflake
0	f056	u271E	# Shadowed white Latin cross
0	f058	u2720	# Maltese cross
0	f059	u2721	# Star of David
0	f05A	u262A	# Star and crescent
0	f05B	u262F	# Yin Yang
0	f05C	u0950	# Devanagari Om
0	f05D	u2638	# Wheel of Dharma
0	f05E	u2648	# Aries
0	f05F	u2649	# Taurus
0	f060	u264A	# Gemini
0	f061	u264B	# Cancer
0	f062	u264C	# Leo
0	f063	u264D	# Virgo
0	f064	u264E	# Libra
0	f065	u264F	# Scorpio
0	f066	u2650	# Sagittarius
0	f067	u2651	# Capricorn
0	f068	u2652	# Aquarius
0	f069	u2653	# Pisces
0	f06A	u0026	# Ampersand
0	f06B	u0026	# Ampersand
0	f06C	u25CF	# Black circle
0	f06D	u274D	# Shadowed white circle
0	f06E	u25A0	# Black square
0	f06F	u25A1	# White square
0	f071	u2751	# Lower right shadowed white square
0	f072	u2752	# Upper right shadowed white square
0	f074	u2666	# Black diamond suit
0	f075	u25C6	# Black diamond
0	f076	u2756	# Black diamond minus white X
0	f078	u2327	# X in a rectangle box
0	f079	u2353	# APL functional symbol quad up caret
0	f07A	u2318	# Place of interest sign
0	f07B	u2740	# White florette
0	f07C	u273F	# Black florette
0	f07D	u275D	# Heavy double turned comma quotation mark ornament
0	f07E	u275E	# Heavy double comma quotation mark ornament
0	f07F	u25AF	# White vertical rectangle
0	f080	u24EA	# Circled digit zero
0	f081	u2460	# Circled digit one
0	f082	u2461	# Circled digit two
0	f083	u2462	# Circled digit three
0	f084	u2463	# Circled digit four
0	f085	u2464	# Circled digit five
0	f086	u2465	# Circled digit six
0	f087	u2466	# Circled digit seven
0	f088	u2467	# Circled digit eight
0	f089	u2468	# Circled digit nine
0	f08A	u2469	# Circled number ten
0	f08B	u24FF	# Negative circled digit zero
0	f08C	u2776	# Dingbat negative circled digit one
0	f08D	u2777	# Dingbat negative circled digit two
0	f08E	u2778	# Dingbat negative circled digit three
0	f08F	u2779	# Dingbat negative circled digit four
0	f090	u277A	# Dingbat negative circled digit five
0	f091	u277B	# Dingbat negative circled digit six
0	f092	u277C	# Dingbat negative circled digit seven
0	f093	u277D	# Dingbat negative circled digit eight
0	f094	u277E	# Dingbat negative circled digit nine
0	f095	u277F	# Dingbat negative circled number ten
0	f09E	u00B7	# Middle dot
0	f09F	u2022	# Bullet
0	f0A0	u25AA	# Black small square
0	f0A1	u25CB	# White circle
0	f0A4	u25C9	# Fisheye
0	f0A5	u25CE	# Bullseye
0	f0A7	u25AA	# Black small square
0	f0A8	u25FB	# White medium square
0	f0AA	u2726	# Black four pointed star
0	f0AB	u2605	# Black star
0	f0AC	u2736	# Six pointed black star
0	f0AD	u2734	# Eight pointed black star
0	f0AE	u2739	# Twelve pointed black star
0	f0AF	u2735	# Eight pointed pinwheel star
0	f0B1	u2316	# Position indicator
0	f0B2	u2727	# White four pointed star
0	f0B3	u2311	# Square lozenge
0	f0B5	u272A	# Circled white star
0	f0B6	u2730	# Shadowed white star
0	f0D5	u232B	# Erase to the left
0	f0D6	u2326	# Erase to the right
0	f0D8	u27A2	# Three-D top-lighted rightwards arrowhead
0	f0DC	u27B2	# Circled heavy white rightwards arrow
0	f0E8	u2794	# Heavy wide-headed rightwards arrow
0	f0EF	u21E6	# Leftwards white arrow
0	f0F0	u21E8	# Rightwards white arrow
0	f0F1	u21E7	# Upwards white arrow
0	f0F2	u21E9	# Downwards white arrow
0	f0F3	u2B04	# Left right white arrow
0	f0F4	u21F3	# Up down white arrow
0	f0F5	u2B00	# North east white arrow
0	f0F6	u2B01	# North west white arrow
0	f0F7	u2B03	# South west white arrow
0	f0F8	u2B02	# South east white arrow
0	f0F9	u25AD	# White rectangle
0	f0FA	u25AB	# White small square
0	f0FB	u2717	# Ballot X
0	f0FC	u2713	# Check mark
0	f0FD	u2612	# Ballot box with X
0	f0FE	u2611	# Ballot box with check

# EOF
